Archive member included because of file (symbol)

c:/program files (x86)/atmel/atmel studio 6.0/extensions/atmel/avrgcc/3.4.1.95/avrtoolchain/bin/../lib/gcc/avr/4.6.2/avr5\libgcc.a(_udivmodqi4.o)
                              REAL_TIME_CLOCK.o (__udivmodqi4)
c:/program files (x86)/atmel/atmel studio 6.0/extensions/atmel/avrgcc/3.4.1.95/avrtoolchain/bin/../lib/gcc/avr/4.6.2/avr5\libgcc.a(_exit.o)
                              c:/program files (x86)/atmel/atmel studio 6.0/extensions/atmel/avrgcc/3.4.1.95/avrtoolchain/bin/../lib/gcc/avr/4.6.2/../../../../avr/lib/avr5/crtm32.o (exit)
c:/program files (x86)/atmel/atmel studio 6.0/extensions/atmel/avrgcc/3.4.1.95/avrtoolchain/bin/../lib/gcc/avr/4.6.2/avr5\libgcc.a(_copy_data.o)
                              DIO.o (__do_copy_data)
c:/program files (x86)/atmel/atmel studio 6.0/extensions/atmel/avrgcc/3.4.1.95/avrtoolchain/bin/../lib/gcc/avr/4.6.2/avr5\libgcc.a(_clear_bss.o)
                              DIO.o (__do_clear_bss)

Allocating common symbols
Common symbol       size              file

first_digit         0x1               REAL_TIME_CLOCK.o
second_digit        0x1               REAL_TIME_CLOCK.o
value_keypad        0x1               REAL_TIME_CLOCK.o

Memory Configuration

Name             Origin             Length             Attributes
text             0x00000000         0x00020000         xr
data             0x00800060         0x0000ffa0         rw !x
eeprom           0x00810000         0x00010000         rw !x
fuse             0x00820000         0x00000400         rw !x
lock             0x00830000         0x00000400         rw !x
signature        0x00840000         0x00000400         rw !x
*default*        0x00000000         0xffffffff

Linker script and memory map

LOAD c:/program files (x86)/atmel/atmel studio 6.0/extensions/atmel/avrgcc/3.4.1.95/avrtoolchain/bin/../lib/gcc/avr/4.6.2/../../../../avr/lib/avr5/crtm32.o
LOAD DIO.o
LOAD KEYPAD.o
LOAD LCD.o
LOAD REAL_TIME_CLOCK.o
LOAD SEVEN-SEGMENT.o
LOAD TIMER0.o
LOAD TIMER2.o
START GROUP
LOAD c:/program files (x86)/atmel/atmel studio 6.0/extensions/atmel/avrgcc/3.4.1.95/avrtoolchain/bin/../lib/gcc/avr/4.6.2/../../../../avr/lib/avr5\libm.a
END GROUP
LOAD c:/program files (x86)/atmel/atmel studio 6.0/extensions/atmel/avrgcc/3.4.1.95/avrtoolchain/bin/../lib/gcc/avr/4.6.2/avr5\libgcc.a
LOAD c:/program files (x86)/atmel/atmel studio 6.0/extensions/atmel/avrgcc/3.4.1.95/avrtoolchain/bin/../lib/gcc/avr/4.6.2/../../../../avr/lib/avr5\libc.a
LOAD c:/program files (x86)/atmel/atmel studio 6.0/extensions/atmel/avrgcc/3.4.1.95/avrtoolchain/bin/../lib/gcc/avr/4.6.2/avr5\libgcc.a

.hash
 *(.hash)

.dynsym
 *(.dynsym)

.dynstr
 *(.dynstr)

.gnu.version
 *(.gnu.version)

.gnu.version_d
 *(.gnu.version_d)

.gnu.version_r
 *(.gnu.version_r)

.rel.init
 *(.rel.init)

.rela.init
 *(.rela.init)

.rel.text
 *(.rel.text)
 *(.rel.text.*)
 *(.rel.gnu.linkonce.t*)

.rela.text
 *(.rela.text)
 *(.rela.text.*)
 *(.rela.gnu.linkonce.t*)

.rel.fini
 *(.rel.fini)

.rela.fini
 *(.rela.fini)

.rel.rodata
 *(.rel.rodata)
 *(.rel.rodata.*)
 *(.rel.gnu.linkonce.r*)

.rela.rodata
 *(.rela.rodata)
 *(.rela.rodata.*)
 *(.rela.gnu.linkonce.r*)

.rel.data
 *(.rel.data)
 *(.rel.data.*)
 *(.rel.gnu.linkonce.d*)

.rela.data
 *(.rela.data)
 *(.rela.data.*)
 *(.rela.gnu.linkonce.d*)

.rel.ctors
 *(.rel.ctors)

.rela.ctors
 *(.rela.ctors)

.rel.dtors
 *(.rel.dtors)

.rela.dtors
 *(.rela.dtors)

.rel.got
 *(.rel.got)

.rela.got
 *(.rela.got)

.rel.bss
 *(.rel.bss)

.rela.bss
 *(.rela.bss)

.rel.plt
 *(.rel.plt)

.rela.plt
 *(.rela.plt)

.text           0x00000000     0x1076
 *(.vectors)
 .vectors       0x00000000       0x54 c:/program files (x86)/atmel/atmel studio 6.0/extensions/atmel/avrgcc/3.4.1.95/avrtoolchain/bin/../lib/gcc/avr/4.6.2/../../../../avr/lib/avr5/crtm32.o
                0x00000000                __vector_default
                0x00000000                __vectors
 *(.vectors)
 *(.progmem.gcc*)
 *(.progmem*)
                0x00000054                . = ALIGN (0x2)
                0x00000054                __trampolines_start = .
 *(.trampolines)
 .trampolines   0x00000054        0x0 linker stubs
 *(.trampolines*)
                0x00000054                __trampolines_end = .
 *(.jumptables)
 *(.jumptables*)
 *(.lowtext)
 *(.lowtext*)
                0x00000054                __ctors_start = .
 *(.ctors)
                0x00000054                __ctors_end = .
                0x00000054                __dtors_start = .
 *(.dtors)
                0x00000054                __dtors_end = .
 SORT(*)(.ctors)
 SORT(*)(.dtors)
 *(.init0)
 .init0         0x00000054        0x0 c:/program files (x86)/atmel/atmel studio 6.0/extensions/atmel/avrgcc/3.4.1.95/avrtoolchain/bin/../lib/gcc/avr/4.6.2/../../../../avr/lib/avr5/crtm32.o
                0x00000054                __init
 *(.init0)
 *(.init1)
 *(.init1)
 *(.init2)
 .init2         0x00000054        0xc c:/program files (x86)/atmel/atmel studio 6.0/extensions/atmel/avrgcc/3.4.1.95/avrtoolchain/bin/../lib/gcc/avr/4.6.2/../../../../avr/lib/avr5/crtm32.o
 *(.init2)
 *(.init3)
 *(.init3)
 *(.init4)
 .init4         0x00000060       0x16 c:/program files (x86)/atmel/atmel studio 6.0/extensions/atmel/avrgcc/3.4.1.95/avrtoolchain/bin/../lib/gcc/avr/4.6.2/avr5\libgcc.a(_copy_data.o)
                0x00000060                __do_copy_data
 .init4         0x00000076       0x10 c:/program files (x86)/atmel/atmel studio 6.0/extensions/atmel/avrgcc/3.4.1.95/avrtoolchain/bin/../lib/gcc/avr/4.6.2/avr5\libgcc.a(_clear_bss.o)
                0x00000076                __do_clear_bss
 *(.init4)
 *(.init5)
 *(.init5)
 *(.init6)
 *(.init6)
 *(.init7)
 *(.init7)
 *(.init8)
 *(.init8)
 *(.init9)
 .init9         0x00000086        0x8 c:/program files (x86)/atmel/atmel studio 6.0/extensions/atmel/avrgcc/3.4.1.95/avrtoolchain/bin/../lib/gcc/avr/4.6.2/../../../../avr/lib/avr5/crtm32.o
 *(.init9)
 *(.text)
 .text          0x0000008e        0x4 c:/program files (x86)/atmel/atmel studio 6.0/extensions/atmel/avrgcc/3.4.1.95/avrtoolchain/bin/../lib/gcc/avr/4.6.2/../../../../avr/lib/avr5/crtm32.o
                0x0000008e                __vector_1
                0x0000008e                __vector_12
                0x0000008e                __bad_interrupt
                0x0000008e                __vector_6
                0x0000008e                __vector_3
                0x0000008e                __vector_11
                0x0000008e                __vector_13
                0x0000008e                __vector_17
                0x0000008e                __vector_19
                0x0000008e                __vector_7
                0x0000008e                __vector_4
                0x0000008e                __vector_9
                0x0000008e                __vector_2
                0x0000008e                __vector_15
                0x0000008e                __vector_8
                0x0000008e                __vector_14
                0x0000008e                __vector_16
                0x0000008e                __vector_18
                0x0000008e                __vector_20
 .text          0x00000092      0x710 DIO.o
                0x00000092                DIO_SET_PIN_DIR
                0x000001b4                DIO_SET_PORT_DIR
                0x000001f2                DIO_WRITE_PIN
                0x00000314                DIO_WRITE_PORT
                0x00000352                DIO_TOG_PIN
                0x000003ec                DIO_TOG_PORT
                0x00000526                DIO_READ_PIN
                0x000005f6                DIO_READ_PORT
                0x00000636                DIO_ACTIVE_INTERNAL_PULL_UP
                0x000006d0                DIO_WRITE_LOW_NIBBLE
                0x00000738                DIO_WRITE_HIGH_NIBBLE
 .text          0x000007a2      0x13e KEYPAD.o
                0x000007a2                KEYPAD_INIT
                0x00000818                KEYPAD_READ
 .text          0x000008e0      0x1f6 LCD.o
                0x000008e0                LCD_ENABLE
                0x0000090e                LCD_SEND_CMD
                0x0000095c                LCD_CLEAR_SCREEN
                0x00000964                LCD_MOVE_CURSOR
                0x000009ac                LCD_INIT
                0x00000a6a                LCD_SEND_CHAR
                0x00000ab8                LCD_SEND_STRING
 .text          0x00000ad6      0x46a REAL_TIME_CLOCK.o
                0x00000ad6                main
                0x00000f00                __vector_5
                0x00000f22                __vector_10
 .text          0x00000f40       0x4c SEVEN-SEGMENT.o
                0x00000f40                SEVEN_SEGMENT_INIT
                0x00000f48                SEVEN_SEGMENT_WRITE
 .text          0x00000f8c       0xae TIMER0.o
                0x00000f8c                TIMER0_CTC_INIT_INTERRUPT
                0x00000faa                TIMER_WAVE_GENERATION_NON_PWM
                0x00000fd8                TIMER_WAVE_FAST_PWM
                0x0000100c                TIMER_WAVE_PHASE_CORRECT_PWM
 .text          0x0000103a       0x20 TIMER2.o
                0x0000103a                TIMER2_OVF_INTERRUPT_INIT
 .text          0x0000105a        0x0 c:/program files (x86)/atmel/atmel studio 6.0/extensions/atmel/avrgcc/3.4.1.95/avrtoolchain/bin/../lib/gcc/avr/4.6.2/avr5\libgcc.a(_udivmodqi4.o)
 .text          0x0000105a        0x0 c:/program files (x86)/atmel/atmel studio 6.0/extensions/atmel/avrgcc/3.4.1.95/avrtoolchain/bin/../lib/gcc/avr/4.6.2/avr5\libgcc.a(_exit.o)
 .text          0x0000105a        0x0 c:/program files (x86)/atmel/atmel studio 6.0/extensions/atmel/avrgcc/3.4.1.95/avrtoolchain/bin/../lib/gcc/avr/4.6.2/avr5\libgcc.a(_copy_data.o)
 .text          0x0000105a        0x0 c:/program files (x86)/atmel/atmel studio 6.0/extensions/atmel/avrgcc/3.4.1.95/avrtoolchain/bin/../lib/gcc/avr/4.6.2/avr5\libgcc.a(_clear_bss.o)
                0x0000105a                . = ALIGN (0x2)
 *(.text.*)
 .text.libgcc   0x0000105a       0x18 c:/program files (x86)/atmel/atmel studio 6.0/extensions/atmel/avrgcc/3.4.1.95/avrtoolchain/bin/../lib/gcc/avr/4.6.2/avr5\libgcc.a(_udivmodqi4.o)
                0x0000105a                __udivmodqi4
 .text.libgcc   0x00001072        0x0 c:/program files (x86)/atmel/atmel studio 6.0/extensions/atmel/avrgcc/3.4.1.95/avrtoolchain/bin/../lib/gcc/avr/4.6.2/avr5\libgcc.a(_exit.o)
 .text.libgcc   0x00001072        0x0 c:/program files (x86)/atmel/atmel studio 6.0/extensions/atmel/avrgcc/3.4.1.95/avrtoolchain/bin/../lib/gcc/avr/4.6.2/avr5\libgcc.a(_copy_data.o)
 .text.libgcc   0x00001072        0x0 c:/program files (x86)/atmel/atmel studio 6.0/extensions/atmel/avrgcc/3.4.1.95/avrtoolchain/bin/../lib/gcc/avr/4.6.2/avr5\libgcc.a(_clear_bss.o)
                0x00001072                . = ALIGN (0x2)
 *(.fini9)
 .fini9         0x00001072        0x0 c:/program files (x86)/atmel/atmel studio 6.0/extensions/atmel/avrgcc/3.4.1.95/avrtoolchain/bin/../lib/gcc/avr/4.6.2/avr5\libgcc.a(_exit.o)
                0x00001072                _exit
                0x00001072                exit
 *(.fini9)
 *(.fini8)
 *(.fini8)
 *(.fini7)
 *(.fini7)
 *(.fini6)
 *(.fini6)
 *(.fini5)
 *(.fini5)
 *(.fini4)
 *(.fini4)
 *(.fini3)
 *(.fini3)
 *(.fini2)
 *(.fini2)
 *(.fini1)
 *(.fini1)
 *(.fini0)
 .fini0         0x00001072        0x4 c:/program files (x86)/atmel/atmel studio 6.0/extensions/atmel/avrgcc/3.4.1.95/avrtoolchain/bin/../lib/gcc/avr/4.6.2/avr5\libgcc.a(_exit.o)
 *(.fini0)
                0x00001076                _etext = .

.data           0x00800060       0xac load address 0x00001076
                0x00800060                PROVIDE (__data_start, .)
 *(.data)
 .data          0x00800060        0x0 c:/program files (x86)/atmel/atmel studio 6.0/extensions/atmel/avrgcc/3.4.1.95/avrtoolchain/bin/../lib/gcc/avr/4.6.2/../../../../avr/lib/avr5/crtm32.o
 .data          0x00800060        0x0 DIO.o
 .data          0x00800060       0x10 KEYPAD.o
 .data          0x00800070        0x0 LCD.o
 .data          0x00800070       0x8b REAL_TIME_CLOCK.o
 .data          0x008000fb       0x10 SEVEN-SEGMENT.o
 .data          0x0080010b        0x0 TIMER0.o
 .data          0x0080010b        0x0 TIMER2.o
 .data          0x0080010b        0x0 c:/program files (x86)/atmel/atmel studio 6.0/extensions/atmel/avrgcc/3.4.1.95/avrtoolchain/bin/../lib/gcc/avr/4.6.2/avr5\libgcc.a(_udivmodqi4.o)
 .data          0x0080010b        0x0 c:/program files (x86)/atmel/atmel studio 6.0/extensions/atmel/avrgcc/3.4.1.95/avrtoolchain/bin/../lib/gcc/avr/4.6.2/avr5\libgcc.a(_exit.o)
 .data          0x0080010b        0x0 c:/program files (x86)/atmel/atmel studio 6.0/extensions/atmel/avrgcc/3.4.1.95/avrtoolchain/bin/../lib/gcc/avr/4.6.2/avr5\libgcc.a(_copy_data.o)
 .data          0x0080010b        0x0 c:/program files (x86)/atmel/atmel studio 6.0/extensions/atmel/avrgcc/3.4.1.95/avrtoolchain/bin/../lib/gcc/avr/4.6.2/avr5\libgcc.a(_clear_bss.o)
 *(.data*)
 *(.rodata)
 *(.rodata*)
 *(.gnu.linkonce.d*)
                0x0080010c                . = ALIGN (0x2)
 *fill*         0x0080010b        0x1 00
                0x0080010c                _edata = .
                0x0080010c                PROVIDE (__data_end, .)

.bss            0x0080010c        0x7
                0x0080010c                PROVIDE (__bss_start, .)
 *(.bss)
 .bss           0x0080010c        0x0 c:/program files (x86)/atmel/atmel studio 6.0/extensions/atmel/avrgcc/3.4.1.95/avrtoolchain/bin/../lib/gcc/avr/4.6.2/../../../../avr/lib/avr5/crtm32.o
 .bss           0x0080010c        0x0 DIO.o
 .bss           0x0080010c        0x0 KEYPAD.o
 .bss           0x0080010c        0x0 LCD.o
 .bss           0x0080010c        0x4 REAL_TIME_CLOCK.o
                0x0080010c                hour_counter
                0x0080010d                min_counter
                0x0080010e                flag
                0x0080010f                second_counter
 .bss           0x00800110        0x0 SEVEN-SEGMENT.o
 .bss           0x00800110        0x0 TIMER0.o
 .bss           0x00800110        0x0 TIMER2.o
 .bss           0x00800110        0x0 c:/program files (x86)/atmel/atmel studio 6.0/extensions/atmel/avrgcc/3.4.1.95/avrtoolchain/bin/../lib/gcc/avr/4.6.2/avr5\libgcc.a(_udivmodqi4.o)
 .bss           0x00800110        0x0 c:/program files (x86)/atmel/atmel studio 6.0/extensions/atmel/avrgcc/3.4.1.95/avrtoolchain/bin/../lib/gcc/avr/4.6.2/avr5\libgcc.a(_exit.o)
 .bss           0x00800110        0x0 c:/program files (x86)/atmel/atmel studio 6.0/extensions/atmel/avrgcc/3.4.1.95/avrtoolchain/bin/../lib/gcc/avr/4.6.2/avr5\libgcc.a(_copy_data.o)
 .bss           0x00800110        0x0 c:/program files (x86)/atmel/atmel studio 6.0/extensions/atmel/avrgcc/3.4.1.95/avrtoolchain/bin/../lib/gcc/avr/4.6.2/avr5\libgcc.a(_clear_bss.o)
 *(.bss*)
 *(COMMON)
 COMMON         0x00800110        0x3 REAL_TIME_CLOCK.o
                0x00800110                first_digit
                0x00800111                second_digit
                0x00800112                value_keypad
                0x00800113                PROVIDE (__bss_end, .)
                0x00001076                __data_load_start = LOADADDR (.data)
                0x00001122                __data_load_end = (__data_load_start + SIZEOF (.data))

.noinit         0x00800113        0x0
                0x00800113                PROVIDE (__noinit_start, .)
 *(.noinit*)
                0x00800113                PROVIDE (__noinit_end, .)
                0x00800113                _end = .
                0x00800113                PROVIDE (__heap_start, .)

.eeprom         0x00810000        0x0
 *(.eeprom*)
                0x00810000                __eeprom_end = .

.fuse
 *(.fuse)
 *(.lfuse)
 *(.hfuse)
 *(.efuse)

.lock
 *(.lock*)

.signature
 *(.signature*)

.stab           0x00000000      0x6cc
 *(.stab)
 .stab          0x00000000      0x6cc c:/program files (x86)/atmel/atmel studio 6.0/extensions/atmel/avrgcc/3.4.1.95/avrtoolchain/bin/../lib/gcc/avr/4.6.2/../../../../avr/lib/avr5/crtm32.o

.stabstr        0x00000000       0x85
 *(.stabstr)
 .stabstr       0x00000000       0x85 c:/program files (x86)/atmel/atmel studio 6.0/extensions/atmel/avrgcc/3.4.1.95/avrtoolchain/bin/../lib/gcc/avr/4.6.2/../../../../avr/lib/avr5/crtm32.o

.stab.excl
 *(.stab.excl)

.stab.exclstr
 *(.stab.exclstr)

.stab.index
 *(.stab.index)

.stab.indexstr
 *(.stab.indexstr)

.comment
 *(.comment)

.debug
 *(.debug)

.line
 *(.line)

.debug_srcinfo
 *(.debug_srcinfo)

.debug_sfnames
 *(.debug_sfnames)

.debug_aranges  0x00000000      0x160
 *(.debug_aranges)
 .debug_aranges
                0x00000000       0x20 DIO.o
 .debug_aranges
                0x00000020       0x20 KEYPAD.o
 .debug_aranges
                0x00000040       0x20 LCD.o
 .debug_aranges
                0x00000060       0x20 REAL_TIME_CLOCK.o
 .debug_aranges
                0x00000080       0x20 SEVEN-SEGMENT.o
 .debug_aranges
                0x000000a0       0x20 TIMER0.o
 .debug_aranges
                0x000000c0       0x20 TIMER2.o
 .debug_aranges
                0x000000e0       0x20 c:/program files (x86)/atmel/atmel studio 6.0/extensions/atmel/avrgcc/3.4.1.95/avrtoolchain/bin/../lib/gcc/avr/4.6.2/avr5\libgcc.a(_udivmodqi4.o)
 .debug_aranges
                0x00000100       0x20 c:/program files (x86)/atmel/atmel studio 6.0/extensions/atmel/avrgcc/3.4.1.95/avrtoolchain/bin/../lib/gcc/avr/4.6.2/avr5\libgcc.a(_exit.o)
 .debug_aranges
                0x00000120       0x20 c:/program files (x86)/atmel/atmel studio 6.0/extensions/atmel/avrgcc/3.4.1.95/avrtoolchain/bin/../lib/gcc/avr/4.6.2/avr5\libgcc.a(_copy_data.o)
 .debug_aranges
                0x00000140       0x20 c:/program files (x86)/atmel/atmel studio 6.0/extensions/atmel/avrgcc/3.4.1.95/avrtoolchain/bin/../lib/gcc/avr/4.6.2/avr5\libgcc.a(_clear_bss.o)

.debug_pubnames
 *(.debug_pubnames)

.debug_info     0x00000000     0x1230
 *(.debug_info)
 .debug_info    0x00000000      0x2bd DIO.o
 .debug_info    0x000002bd       0xdb KEYPAD.o
 .debug_info    0x00000398      0x470 LCD.o
 .debug_info    0x00000808      0x493 REAL_TIME_CLOCK.o
 .debug_info    0x00000c9b       0xb3 SEVEN-SEGMENT.o
 .debug_info    0x00000d4e       0xf1 TIMER0.o
 .debug_info    0x00000e3f       0x7d TIMER2.o
 .debug_info    0x00000ebc       0xdd c:/program files (x86)/atmel/atmel studio 6.0/extensions/atmel/avrgcc/3.4.1.95/avrtoolchain/bin/../lib/gcc/avr/4.6.2/avr5\libgcc.a(_udivmodqi4.o)
 .debug_info    0x00000f99       0xdd c:/program files (x86)/atmel/atmel studio 6.0/extensions/atmel/avrgcc/3.4.1.95/avrtoolchain/bin/../lib/gcc/avr/4.6.2/avr5\libgcc.a(_exit.o)
 .debug_info    0x00001076       0xdd c:/program files (x86)/atmel/atmel studio 6.0/extensions/atmel/avrgcc/3.4.1.95/avrtoolchain/bin/../lib/gcc/avr/4.6.2/avr5\libgcc.a(_copy_data.o)
 .debug_info    0x00001153       0xdd c:/program files (x86)/atmel/atmel studio 6.0/extensions/atmel/avrgcc/3.4.1.95/avrtoolchain/bin/../lib/gcc/avr/4.6.2/avr5\libgcc.a(_clear_bss.o)
 *(.gnu.linkonce.wi.*)

.debug_abbrev   0x00000000      0x5a3
 *(.debug_abbrev)
 .debug_abbrev  0x00000000       0xf3 DIO.o
 .debug_abbrev  0x000000f3       0x9d KEYPAD.o
 .debug_abbrev  0x00000190      0x161 LCD.o
 .debug_abbrev  0x000002f1      0x113 REAL_TIME_CLOCK.o
 .debug_abbrev  0x00000404       0x7d SEVEN-SEGMENT.o
 .debug_abbrev  0x00000481       0x88 TIMER0.o
 .debug_abbrev  0x00000509       0x4a TIMER2.o
 .debug_abbrev  0x00000553       0x14 c:/program files (x86)/atmel/atmel studio 6.0/extensions/atmel/avrgcc/3.4.1.95/avrtoolchain/bin/../lib/gcc/avr/4.6.2/avr5\libgcc.a(_udivmodqi4.o)
 .debug_abbrev  0x00000567       0x14 c:/program files (x86)/atmel/atmel studio 6.0/extensions/atmel/avrgcc/3.4.1.95/avrtoolchain/bin/../lib/gcc/avr/4.6.2/avr5\libgcc.a(_exit.o)
 .debug_abbrev  0x0000057b       0x14 c:/program files (x86)/atmel/atmel studio 6.0/extensions/atmel/avrgcc/3.4.1.95/avrtoolchain/bin/../lib/gcc/avr/4.6.2/avr5\libgcc.a(_copy_data.o)
 .debug_abbrev  0x0000058f       0x14 c:/program files (x86)/atmel/atmel studio 6.0/extensions/atmel/avrgcc/3.4.1.95/avrtoolchain/bin/../lib/gcc/avr/4.6.2/avr5\libgcc.a(_clear_bss.o)

.debug_line     0x00000000      0xa71
 *(.debug_line)
 .debug_line    0x00000000       0xda DIO.o
 .debug_line    0x000000da       0x5b KEYPAD.o
 .debug_line    0x00000135      0x228 LCD.o
 .debug_line    0x0000035d      0x2c9 REAL_TIME_CLOCK.o
 .debug_line    0x00000626       0x47 SEVEN-SEGMENT.o
 .debug_line    0x0000066d       0xf2 TIMER0.o
 .debug_line    0x0000075f       0xd9 TIMER2.o
 .debug_line    0x00000838       0x92 c:/program files (x86)/atmel/atmel studio 6.0/extensions/atmel/avrgcc/3.4.1.95/avrtoolchain/bin/../lib/gcc/avr/4.6.2/avr5\libgcc.a(_udivmodqi4.o)
 .debug_line    0x000008ca       0x88 c:/program files (x86)/atmel/atmel studio 6.0/extensions/atmel/avrgcc/3.4.1.95/avrtoolchain/bin/../lib/gcc/avr/4.6.2/avr5\libgcc.a(_exit.o)
 .debug_line    0x00000952       0x91 c:/program files (x86)/atmel/atmel studio 6.0/extensions/atmel/avrgcc/3.4.1.95/avrtoolchain/bin/../lib/gcc/avr/4.6.2/avr5\libgcc.a(_copy_data.o)
 .debug_line    0x000009e3       0x8e c:/program files (x86)/atmel/atmel studio 6.0/extensions/atmel/avrgcc/3.4.1.95/avrtoolchain/bin/../lib/gcc/avr/4.6.2/avr5\libgcc.a(_clear_bss.o)

.debug_frame    0x00000000      0x2e4
 *(.debug_frame)
 .debug_frame   0x00000000       0xc4 DIO.o
 .debug_frame   0x000000c4       0x60 KEYPAD.o
 .debug_frame   0x00000124       0xa0 LCD.o
 .debug_frame   0x000001c4       0x64 REAL_TIME_CLOCK.o
 .debug_frame   0x00000228       0x44 SEVEN-SEGMENT.o
 .debug_frame   0x0000026c       0x54 TIMER0.o
 .debug_frame   0x000002c0       0x24 TIMER2.o

.debug_str      0x00000000      0x3e7
 *(.debug_str)
 .debug_str     0x00000000      0x14f DIO.o
 .debug_str     0x0000014f       0x33 KEYPAD.o
                                 0xc6 (size before relaxing)
 .debug_str     0x00000182       0xf5 LCD.o
                                0x1af (size before relaxing)
 .debug_str     0x00000277       0x86 REAL_TIME_CLOCK.o
                                0x1bc (size before relaxing)
 .debug_str     0x000002fd       0x43 SEVEN-SEGMENT.o
                                 0xdb (size before relaxing)
 .debug_str     0x00000340       0x7f TIMER0.o
                                0x169 (size before relaxing)
 .debug_str     0x000003bf       0x28 TIMER2.o
                                0x10a (size before relaxing)

.debug_loc      0x00000000      0xb4b
 *(.debug_loc)
 .debug_loc     0x00000000      0x4ce DIO.o
 .debug_loc     0x000004ce      0x153 KEYPAD.o
 .debug_loc     0x00000621      0x126 LCD.o
 .debug_loc     0x00000747      0x390 REAL_TIME_CLOCK.o
 .debug_loc     0x00000ad7       0x74 SEVEN-SEGMENT.o

.debug_macinfo
 *(.debug_macinfo)
OUTPUT(REAL_TIME_CLOCK.elf elf32-avr)
LOAD linker stubs
